<?php return array (
  0 => 'Symfony\\Component\\Routing\\Generator\\UrlGenerator',
  1 => 'Symfony\\Component\\Routing\\RequestContext',
  2 => 'Symfony\\Component\\Routing\\Router',
  3 => 'Symfony\\Bundle\\FrameworkBundle\\Routing\\RedirectableUrlMatcher',
  4 => 'Symfony\\Bundle\\FrameworkBundle\\Routing\\Router',
  5 => 'Symfony\\Component\\Config\\FileLocator',
  6 => 'Symfony\\Component\\Debug\\ErrorHandler',
  7 => 'Symfony\\Component\\EventDispatcher\\Event',
  8 => 'Symfony\\Component\\EventDispatcher\\ContainerAwareEventDispatcher',
  9 => 'Symfony\\Component\\HttpKernel\\EventListener\\ResponseListener',
  10 => 'Symfony\\Component\\HttpKernel\\EventListener\\RouterListener',
  11 => 'Symfony\\Component\\HttpKernel\\Controller\\ControllerResolver',
  12 => 'Symfony\\Component\\HttpKernel\\Event\\KernelEvent',
  13 => 'Symfony\\Component\\HttpKernel\\Event\\FilterControllerEvent',
  14 => 'Symfony\\Component\\HttpKernel\\Event\\FilterResponseEvent',
  15 => 'Symfony\\Component\\HttpKernel\\Event\\GetResponseEvent',
  16 => 'Symfony\\Component\\HttpKernel\\Event\\GetResponseForControllerResultEvent',
  17 => 'Symfony\\Component\\HttpKernel\\Event\\GetResponseForExceptionEvent',
  18 => 'Symfony\\Component\\HttpKernel\\KernelEvents',
  19 => 'Symfony\\Component\\HttpKernel\\Config\\FileLocator',
  20 => 'Symfony\\Bundle\\FrameworkBundle\\Controller\\ControllerNameParser',
  21 => 'Symfony\\Bundle\\FrameworkBundle\\Controller\\ControllerResolver',
  22 => 'Sensio\\Bundle\\FrameworkExtraBundle\\EventListener\\ControllerListener',
  23 => 'Sensio\\Bundle\\FrameworkExtraBundle\\EventListener\\ParamConverterListener',
  24 => 'Sensio\\Bundle\\FrameworkExtraBundle\\Request\\ParamConverter\\DateTimeParamConverter',
  25 => 'Sensio\\Bundle\\FrameworkExtraBundle\\Request\\ParamConverter\\DoctrineParamConverter',
  26 => 'Sensio\\Bundle\\FrameworkExtraBundle\\Request\\ParamConverter\\ParamConverterInterface',
  27 => 'Sensio\\Bundle\\FrameworkExtraBundle\\Request\\ParamConverter\\ParamConverterManager',
  28 => 'Sensio\\Bundle\\FrameworkExtraBundle\\EventListener\\TemplateListener',
  29 => 'Sensio\\Bundle\\FrameworkExtraBundle\\EventListener\\HttpCacheListener',
  30 => 'Sensio\\Bundle\\FrameworkExtraBundle\\EventListener\\SecurityListener',
  31 => 'Sensio\\Bundle\\FrameworkExtraBundle\\Configuration\\ConfigurationAnnotation',
  32 => 'Doctrine\\Common\\Annotations\\DocLexer',
  33 => 'Doctrine\\Common\\Annotations\\FileCacheReader',
  34 => 'Doctrine\\Common\\Annotations\\PhpParser',
  35 => 'Doctrine\\Common\\Annotations\\Reader',
  36 => 'Doctrine\\Common\\Lexer',
  37 => 'Doctrine\\Common\\Persistence\\ConnectionRegistry',
  38 => 'Doctrine\\Common\\Persistence\\Proxy',
  39 => 'Doctrine\\Common\\Util\\ClassUtils',
  40 => 'Doctrine\\Bundle\\DoctrineBundle\\Registry',
  41 => 'Monolog\\Formatter\\FormatterInterface',
  42 => 'Monolog\\Formatter\\LineFormatter',
  43 => 'Monolog\\Handler\\HandlerInterface',
  44 => 'Monolog\\Handler\\AbstractHandler',
  45 => 'Monolog\\Handler\\AbstractProcessingHandler',
  46 => 'Monolog\\Handler\\StreamHandler',
  47 => 'Monolog\\Handler\\FingersCrossedHandler',
  48 => 'Monolog\\Handler\\FilterHandler',
  49 => 'Monolog\\Handler\\TestHandler',
  50 => 'Monolog\\Logger',
  51 => 'Symfony\\Bridge\\Monolog\\Logger',
  52 => 'Symfony\\Bridge\\Monolog\\Handler\\DebugHandler',
  53 => 'Monolog\\Handler\\FingersCrossed\\ActivationStrategyInterface',
  54 => 'Monolog\\Handler\\FingersCrossed\\ErrorLevelActivationStrategy',
);